// Jest Snapshot v1, https://goo.gl/fbAQLP

exports[`FilmPreview component is render FilmPreview render 1`] = `
<Route>
  <Component />
</Route>
`;
