// Jest Snapshot v1, https://goo.gl/fbAQLP

exports[`<Home/> component testing component <Home /> snapshot 1`] = `
<ContextConsumer>
  <Component />
</ContextConsumer>
`;
