// Jest Snapshot v1, https://goo.gl/fbAQLP

exports[`test <FilmDetail /> component <FilmDetail /> snapshot 1`] = `
<ContextConsumer>
  <Component />
</ContextConsumer>
`;
