// Jest Snapshot v1, https://goo.gl/fbAQLP

exports[`component <NotFoundFilms /> is render <NotFound /> snapshot 1`] = `
<Fragment>
  <Header>
    <SearchPanel />
  </Header>
  <InformationPanel />
  <NotFoundFilms />
  <Footer />
</Fragment>
`;
