// Jest Snapshot v1, https://goo.gl/fbAQLP

exports[`<Detail/> component testing component <Detail /> snapshot 1`] = `
<Route>
  <Component />
</Route>
`;
