// Jest Snapshot v1, https://goo.gl/fbAQLP

exports[`MovieListView is render get snapshot component 1`] = `
<ContextConsumer>
  <Component />
</ContextConsumer>
`;
