// Jest Snapshot v1, https://goo.gl/fbAQLP

exports[`MovieListView is render get snapshot component 1`] = `
<div
  className="wrapper"
>
  <withRouter()
    film={
      Object {
        "id": 1,
      }
    }
    key="1"
  />
  <withRouter()
    film={
      Object {
        "id": 2,
      }
    }
    key="2"
  />
</div>
`;
